---
source: cedar-policy-core/src/validator/schema/to_json.rs
expression: roundtrip_result
input_file: cedar-policy-core/src/validator/schema/test_schemas/optional_attributes.cedarschema
---
entity User = {
  "email"?: __cedar::String,
  "name": __cedar::String,
  "phone"?: __cedar::String
};
