---
source: cedar-policy-core/src/validator/schema/to_json.rs
expression: roundtrip_result
---
entity User;

action "read" appliesTo {
  principal: [User],
  resource: [User],
  context: {}
};

action "readWrite" in [Action::"read", Action::"write"];

action "write" appliesTo {
  principal: [User],
  resource: [User],
  context: {}
};
