---
source: cedar-policy-core/src/validator/schema/to_json.rs
expression: roundtrip_result
---
entity Priority enum ["low", "medium", "high"];

entity Status enum ["active", "inactive", "pending"];

entity Task = {
  "priority": Priority,
  "status": Status,
  "title": __cedar::String
};
