---
source: cedar-policy-core/src/validator/schema/to_json.rs
expression: roundtrip_result
input_file: cedar-policy-core/src/validator/schema/test_schemas/complex_types.cedarschema
---
entity User = {
  "permissions": Set<__cedar::String>,
  "profile": {
    "name": __cedar::String,
    "settings": Set<__cedar::String>
  }
};
