---
source: cedar-policy-core/src/validator/schema/to_json.rs
expression: roundtrip_result
---
entity User = {
  "active": __cedar::Bool,
  "age": __cedar::Long,
  "name": __cedar::String
};
