---
source: cedar-policy-core/src/validator/schema/to_json.rs
expression: roundtrip_result
---
entity User = {
  "balance": __cedar::decimal,
  "ip": __cedar::ipaddr
};
