---
source: cedar-policy-core/src/validator/schema/to_json.rs
expression: roundtrip_result
---
entity Admin in [User];

entity SuperAdmin in [Admin, User];

entity User;
