---
source: cedar-policy-core/src/validator/schema/to_json.rs
expression: roundtrip_result
input_file: cedar-policy-core/src/validator/schema/test_schemas/basic_action.cedarschema
---
entity User;

action "view" appliesTo {
  principal: [User],
  resource: [User],
  context: {}
};
