---
source: cedar-policy-formatter/src/pprint/fmt.rs
expression: formatted
input_file: cedar-policy-cli/sample-data/tiny_sandboxes/sample9/policy.cedar
---
permit (
  principal,
  action == Action::"view",
  resource is Photo
)
when { principal == resource.owner };
