---
source: cedar-policy-formatter/src/pprint/fmt.rs
expression: formatted
input_file: cedar-policy-cli/sample-data/tiny_sandboxes/sample1/policy.cedar
---
permit (
  principal == User::"alice",
  action == Action::"view",
  resource in Album::"jane_vacation"
);
