---
source: cedar-language-server/src/documentation/entity.rs
expression: entity_type_kind.to_documentation_string(Some(&schema))
---
**Type**

Entity Type: `Photo`

Attributes:

```cedarschema
No attributes defined.
```
